// Jest Snapshot v1, https://goo.gl/fbAQLP

exports[`App should be rendered correctly. 1`] = `
<div>
  <div
    class="fullscreen"
  >
    <header
      class="header"
    >
      <div
        class="header__widgets-container"
      >
        <a
          href="https://github.com/lszymanski7/fruity-app"
        >
          <img
            alt="GitHub Logo"
            class="header__github-logo header__github-logo--light"
            src="github.svg"
          />
        </a>
        <div
          class="toggle-switch"
        >
          <input
            class="toggle-switch__input"
            id="theme-switcher"
            type="checkbox"
          />
          <label
            class="toggle-switch__label"
            for="theme-switcher"
          >
            <span
              class="toggle-switch__icon moon-icon"
            />
            <span
              class="toggle-switch__icon sun-icon"
            />
            <span
              class="toggle-switch__slider"
            />
          </label>
        </div>
      </div>
      <div
        class="header__brand-container"
      >
        <img
          alt="Application Logo"
          class="header__app-logo"
          src="fruity-256x256.webp"
        />
        <h1
          class="header__app-name"
        >
          FRUITY
        </h1>
      </div>
    </header>
    <div
      class="board"
    >
      <div
        class="board__elements-container"
      >
        <div
          class="element"
        >
          <label
            class="element__label"
          >
            <input
              class="element__checkbox"
              type="checkbox"
            />
            <img
              alt="apple"
              class="element__image"
              src="apple.webp"
            />
            <span
              class="element__caption"
            >
              APPLE
            </span>
          </label>
        </div>
        <div
          class="element"
        >
          <label
            class="element__label"
          >
            <input
              class="element__checkbox"
              type="checkbox"
            />
            <img
              alt="banana"
              class="element__image"
              src="banana.webp"
            />
            <span
              class="element__caption"
            >
              BANANA
            </span>
          </label>
        </div>
        <div
          class="element"
        >
          <label
            class="element__label"
          >
            <input
              class="element__checkbox"
              type="checkbox"
            />
            <img
              alt="blackberry"
              class="element__image"
              src="blackberry.webp"
            />
            <span
              class="element__caption"
            >
              BLACKBERRY
            </span>
          </label>
        </div>
        <div
          class="element"
        >
          <label
            class="element__label"
          >
            <input
              class="element__checkbox"
              type="checkbox"
            />
            <img
              alt="blueberries"
              class="element__image"
              src="blueberries.webp"
            />
            <span
              class="element__caption"
            >
              BLUEBERRIES
            </span>
          </label>
        </div>
        <div
          class="element"
        >
          <label
            class="element__label"
          >
            <input
              class="element__checkbox"
              type="checkbox"
            />
            <img
              alt="cherries"
              class="element__image"
              src="cherries.webp"
            />
            <span
              class="element__caption"
            >
              CHERRIES
            </span>
          </label>
        </div>
        <div
          class="element"
        >
          <label
            class="element__label"
          >
            <input
              class="element__checkbox"
              type="checkbox"
            />
            <img
              alt="coconut"
              class="element__image"
              src="coconut.webp"
            />
            <span
              class="element__caption"
            >
              COCONUT
            </span>
          </label>
        </div>
        <div
          class="element"
        >
          <label
            class="element__label"
          >
            <input
              class="element__checkbox"
              type="checkbox"
            />
            <img
              alt="dragon fruit"
              class="element__image"
              src="dragon-fruit.webp"
            />
            <span
              class="element__caption"
            >
              DRAGON FRUIT
            </span>
          </label>
        </div>
        <div
          class="element"
        >
          <label
            class="element__label"
          >
            <input
              class="element__checkbox"
              type="checkbox"
            />
            <img
              alt="fig"
              class="element__image"
              src="fig.webp"
            />
            <span
              class="element__caption"
            >
              FIG
            </span>
          </label>
        </div>
        <div
          class="element"
        >
          <label
            class="element__label"
          >
            <input
              class="element__checkbox"
              type="checkbox"
            />
            <img
              alt="grapes"
              class="element__image"
              src="grapes.webp"
            />
            <span
              class="element__caption"
            >
              GRAPES
            </span>
          </label>
        </div>
        <div
          class="element"
        >
          <label
            class="element__label"
          >
            <input
              class="element__checkbox"
              type="checkbox"
            />
            <img
              alt="kiwi"
              class="element__image"
              src="kiwi.webp"
            />
            <span
              class="element__caption"
            >
              KIWI
            </span>
          </label>
        </div>
        <div
          class="element"
        >
          <label
            class="element__label"
          >
            <input
              class="element__checkbox"
              type="checkbox"
            />
            <img
              alt="lemon"
              class="element__image"
              src="lemon.webp"
            />
            <span
              class="element__caption"
            >
              LEMON
            </span>
          </label>
        </div>
        <div
          class="element"
        >
          <label
            class="element__label"
          >
            <input
              class="element__checkbox"
              type="checkbox"
            />
            <img
              alt="lychee"
              class="element__image"
              src="lychee.webp"
            />
            <span
              class="element__caption"
            >
              LYCHEE
            </span>
          </label>
        </div>
        <div
          class="element"
        >
          <label
            class="element__label"
          >
            <input
              class="element__checkbox"
              type="checkbox"
            />
            <img
              alt="mango"
              class="element__image"
              src="mango.webp"
            />
            <span
              class="element__caption"
            >
              MANGO
            </span>
          </label>
        </div>
        <div
          class="element"
        >
          <label
            class="element__label"
          >
            <input
              class="element__checkbox"
              type="checkbox"
            />
            <img
              alt="melon"
              class="element__image"
              src="melon.webp"
            />
            <span
              class="element__caption"
            >
              MELON
            </span>
          </label>
        </div>
        <div
          class="element"
        >
          <label
            class="element__label"
          >
            <input
              class="element__checkbox"
              type="checkbox"
            />
            <img
              alt="orange"
              class="element__image"
              src="orange.webp"
            />
            <span
              class="element__caption"
            >
              ORANGE
            </span>
          </label>
        </div>
        <div
          class="element"
        >
          <label
            class="element__label"
          >
            <input
              class="element__checkbox"
              type="checkbox"
            />
            <img
              alt="papaya"
              class="element__image"
              src="papaya.webp"
            />
            <span
              class="element__caption"
            >
              PAPAYA
            </span>
          </label>
        </div>
        <div
          class="element"
        >
          <label
            class="element__label"
          >
            <input
              class="element__checkbox"
              type="checkbox"
            />
            <img
              alt="peach"
              class="element__image"
              src="peach.webp"
            />
            <span
              class="element__caption"
            >
              PEACH
            </span>
          </label>
        </div>
        <div
          class="element"
        >
          <label
            class="element__label"
          >
            <input
              class="element__checkbox"
              type="checkbox"
            />
            <img
              alt="pear"
              class="element__image"
              src="pear.webp"
            />
            <span
              class="element__caption"
            >
              PEAR
            </span>
          </label>
        </div>
        <div
          class="element"
        >
          <label
            class="element__label"
          >
            <input
              class="element__checkbox"
              type="checkbox"
            />
            <img
              alt="pineapple"
              class="element__image"
              src="pineapple.webp"
            />
            <span
              class="element__caption"
            >
              PINEAPPLE
            </span>
          </label>
        </div>
        <div
          class="element"
        >
          <label
            class="element__label"
          >
            <input
              class="element__checkbox"
              type="checkbox"
            />
            <img
              alt="plum"
              class="element__image"
              src="plum.webp"
            />
            <span
              class="element__caption"
            >
              PLUM
            </span>
          </label>
        </div>
        <div
          class="element"
        >
          <label
            class="element__label"
          >
            <input
              class="element__checkbox"
              type="checkbox"
            />
            <img
              alt="pomegranate"
              class="element__image"
              src="pomegranate.webp"
            />
            <span
              class="element__caption"
            >
              POMEGRANATE
            </span>
          </label>
        </div>
        <div
          class="element"
        >
          <label
            class="element__label"
          >
            <input
              class="element__checkbox"
              type="checkbox"
            />
            <img
              alt="star fruit"
              class="element__image"
              src="star-fruit.webp"
            />
            <span
              class="element__caption"
            >
              STAR FRUIT
            </span>
          </label>
        </div>
        <div
          class="element"
        >
          <label
            class="element__label"
          >
            <input
              class="element__checkbox"
              type="checkbox"
            />
            <img
              alt="strawberry"
              class="element__image"
              src="strawberry.webp"
            />
            <span
              class="element__caption"
            >
              STRAWBERRY
            </span>
          </label>
        </div>
        <div
          class="element"
        >
          <label
            class="element__label"
          >
            <input
              class="element__checkbox"
              type="checkbox"
            />
            <img
              alt="watermelon"
              class="element__image"
              src="watermelon.webp"
            />
            <span
              class="element__caption"
            >
              WATERMELON
            </span>
          </label>
        </div>
      </div>
    </div>
    <div
      class="draw"
    >
      <div
        class="draw__buttons-container"
      >
        <button
          class="draw__start-button"
          disabled=""
          type="button"
        >
          SELECT MORE FRUITS
        </button>
        <button
          aria-label="Reset"
          class="draw__reset-button"
          type="button"
        >
          <img
            alt="Reset Icon"
            class="draw__reset-icon"
            src="reset.svg"
          />
        </button>
      </div>
    </div>
  </div>
</div>
`;
