// Jest Snapshot v1, https://goo.gl/fbAQLP

exports[`App should be rendered correctly. 1`] = `
<div>
  <div
    class="flexbox-column fullscreen"
  >
    <header
      class="header"
    >
      <div
        class="flexbox-column header__container-parent"
      >
        <div
          class="flexbox-row header__container-child"
        >
          <img
            alt="Fruity Logo"
            class="header__logo"
            src="fruity-512x512.webp"
          />
          <h1
            class="header__title"
          >
            Fruity
          </h1>
        </div>
        <h2
          class="header__subtitle"
        >
          Are you a fruit lover? Have you ever been unable to decide what kind of fruit you would like to eat? Don't worry about that anymore! Just click the button below!
        </h2>
      </div>
    </header>
    <div
      class="flexbox-column container"
    >
      <div
        class="flexbox-column"
      >
        <div
          class="widget-header"
        >
          <button
            class="widget-header__reset"
          >
            Reset All
          </button>
        </div>
        <div
          class="flexbox-row widget-content"
        >
          <label
            class="flexbox-column element"
            for="bbb33b2d-e07d-4d13-a869-f3790e100477"
          >
            <input
              class="element__checkbox"
              id="bbb33b2d-e07d-4d13-a869-f3790e100477"
              type="checkbox"
            />
            <img
              alt="Apple"
              class="element__image"
              src="apple.webp"
            />
            <span
              class="element__caption"
            >
              Apple
            </span>
          </label>
          <label
            class="flexbox-column element"
            for="bbb33b2d-e07d-4d13-a869-f3790e100477"
          >
            <input
              class="element__checkbox"
              id="bbb33b2d-e07d-4d13-a869-f3790e100477"
              type="checkbox"
            />
            <img
              alt="Banana"
              class="element__image"
              src="banana.webp"
            />
            <span
              class="element__caption"
            >
              Banana
            </span>
          </label>
          <label
            class="flexbox-column element"
            for="bbb33b2d-e07d-4d13-a869-f3790e100477"
          >
            <input
              class="element__checkbox"
              id="bbb33b2d-e07d-4d13-a869-f3790e100477"
              type="checkbox"
            />
            <img
              alt="Blackberry"
              class="element__image"
              src="blackberry.webp"
            />
            <span
              class="element__caption"
            >
              Blackberry
            </span>
          </label>
          <label
            class="flexbox-column element"
            for="bbb33b2d-e07d-4d13-a869-f3790e100477"
          >
            <input
              class="element__checkbox"
              id="bbb33b2d-e07d-4d13-a869-f3790e100477"
              type="checkbox"
            />
            <img
              alt="Blueberries"
              class="element__image"
              src="blueberries.webp"
            />
            <span
              class="element__caption"
            >
              Blueberries
            </span>
          </label>
          <label
            class="flexbox-column element"
            for="bbb33b2d-e07d-4d13-a869-f3790e100477"
          >
            <input
              class="element__checkbox"
              id="bbb33b2d-e07d-4d13-a869-f3790e100477"
              type="checkbox"
            />
            <img
              alt="Cherries"
              class="element__image"
              src="cherries.webp"
            />
            <span
              class="element__caption"
            >
              Cherries
            </span>
          </label>
          <label
            class="flexbox-column element"
            for="bbb33b2d-e07d-4d13-a869-f3790e100477"
          >
            <input
              class="element__checkbox"
              id="bbb33b2d-e07d-4d13-a869-f3790e100477"
              type="checkbox"
            />
            <img
              alt="Coconut"
              class="element__image"
              src="coconut.webp"
            />
            <span
              class="element__caption"
            >
              Coconut
            </span>
          </label>
          <label
            class="flexbox-column element"
            for="bbb33b2d-e07d-4d13-a869-f3790e100477"
          >
            <input
              class="element__checkbox"
              id="bbb33b2d-e07d-4d13-a869-f3790e100477"
              type="checkbox"
            />
            <img
              alt="Dragon Fruit"
              class="element__image"
              src="dragon-fruit.webp"
            />
            <span
              class="element__caption"
            >
              Dragon Fruit
            </span>
          </label>
          <label
            class="flexbox-column element"
            for="bbb33b2d-e07d-4d13-a869-f3790e100477"
          >
            <input
              class="element__checkbox"
              id="bbb33b2d-e07d-4d13-a869-f3790e100477"
              type="checkbox"
            />
            <img
              alt="Fig"
              class="element__image"
              src="fig.webp"
            />
            <span
              class="element__caption"
            >
              Fig
            </span>
          </label>
          <label
            class="flexbox-column element"
            for="bbb33b2d-e07d-4d13-a869-f3790e100477"
          >
            <input
              class="element__checkbox"
              id="bbb33b2d-e07d-4d13-a869-f3790e100477"
              type="checkbox"
            />
            <img
              alt="Grapes"
              class="element__image"
              src="grapes.webp"
            />
            <span
              class="element__caption"
            >
              Grapes
            </span>
          </label>
          <label
            class="flexbox-column element"
            for="bbb33b2d-e07d-4d13-a869-f3790e100477"
          >
            <input
              class="element__checkbox"
              id="bbb33b2d-e07d-4d13-a869-f3790e100477"
              type="checkbox"
            />
            <img
              alt="Kiwi"
              class="element__image"
              src="kiwi.webp"
            />
            <span
              class="element__caption"
            >
              Kiwi
            </span>
          </label>
          <label
            class="flexbox-column element"
            for="bbb33b2d-e07d-4d13-a869-f3790e100477"
          >
            <input
              class="element__checkbox"
              id="bbb33b2d-e07d-4d13-a869-f3790e100477"
              type="checkbox"
            />
            <img
              alt="Lemon"
              class="element__image"
              src="lemon.webp"
            />
            <span
              class="element__caption"
            >
              Lemon
            </span>
          </label>
          <label
            class="flexbox-column element"
            for="bbb33b2d-e07d-4d13-a869-f3790e100477"
          >
            <input
              class="element__checkbox"
              id="bbb33b2d-e07d-4d13-a869-f3790e100477"
              type="checkbox"
            />
            <img
              alt="Lychee"
              class="element__image"
              src="lychee.webp"
            />
            <span
              class="element__caption"
            >
              Lychee
            </span>
          </label>
          <label
            class="flexbox-column element"
            for="bbb33b2d-e07d-4d13-a869-f3790e100477"
          >
            <input
              class="element__checkbox"
              id="bbb33b2d-e07d-4d13-a869-f3790e100477"
              type="checkbox"
            />
            <img
              alt="Mango"
              class="element__image"
              src="mango.webp"
            />
            <span
              class="element__caption"
            >
              Mango
            </span>
          </label>
          <label
            class="flexbox-column element"
            for="bbb33b2d-e07d-4d13-a869-f3790e100477"
          >
            <input
              class="element__checkbox"
              id="bbb33b2d-e07d-4d13-a869-f3790e100477"
              type="checkbox"
            />
            <img
              alt="Melon"
              class="element__image"
              src="melon.webp"
            />
            <span
              class="element__caption"
            >
              Melon
            </span>
          </label>
          <label
            class="flexbox-column element"
            for="bbb33b2d-e07d-4d13-a869-f3790e100477"
          >
            <input
              class="element__checkbox"
              id="bbb33b2d-e07d-4d13-a869-f3790e100477"
              type="checkbox"
            />
            <img
              alt="Orange"
              class="element__image"
              src="orange.webp"
            />
            <span
              class="element__caption"
            >
              Orange
            </span>
          </label>
          <label
            class="flexbox-column element"
            for="bbb33b2d-e07d-4d13-a869-f3790e100477"
          >
            <input
              class="element__checkbox"
              id="bbb33b2d-e07d-4d13-a869-f3790e100477"
              type="checkbox"
            />
            <img
              alt="Papaya"
              class="element__image"
              src="papaya.webp"
            />
            <span
              class="element__caption"
            >
              Papaya
            </span>
          </label>
          <label
            class="flexbox-column element"
            for="bbb33b2d-e07d-4d13-a869-f3790e100477"
          >
            <input
              class="element__checkbox"
              id="bbb33b2d-e07d-4d13-a869-f3790e100477"
              type="checkbox"
            />
            <img
              alt="Peach"
              class="element__image"
              src="peach.webp"
            />
            <span
              class="element__caption"
            >
              Peach
            </span>
          </label>
          <label
            class="flexbox-column element"
            for="bbb33b2d-e07d-4d13-a869-f3790e100477"
          >
            <input
              class="element__checkbox"
              id="bbb33b2d-e07d-4d13-a869-f3790e100477"
              type="checkbox"
            />
            <img
              alt="Pear"
              class="element__image"
              src="pear.webp"
            />
            <span
              class="element__caption"
            >
              Pear
            </span>
          </label>
          <label
            class="flexbox-column element"
            for="bbb33b2d-e07d-4d13-a869-f3790e100477"
          >
            <input
              class="element__checkbox"
              id="bbb33b2d-e07d-4d13-a869-f3790e100477"
              type="checkbox"
            />
            <img
              alt="Pineapple"
              class="element__image"
              src="pineapple.webp"
            />
            <span
              class="element__caption"
            >
              Pineapple
            </span>
          </label>
          <label
            class="flexbox-column element"
            for="bbb33b2d-e07d-4d13-a869-f3790e100477"
          >
            <input
              class="element__checkbox"
              id="bbb33b2d-e07d-4d13-a869-f3790e100477"
              type="checkbox"
            />
            <img
              alt="Plum"
              class="element__image"
              src="plum.webp"
            />
            <span
              class="element__caption"
            >
              Plum
            </span>
          </label>
          <label
            class="flexbox-column element"
            for="bbb33b2d-e07d-4d13-a869-f3790e100477"
          >
            <input
              class="element__checkbox"
              id="bbb33b2d-e07d-4d13-a869-f3790e100477"
              type="checkbox"
            />
            <img
              alt="Pomegranate"
              class="element__image"
              src="pomegranate.webp"
            />
            <span
              class="element__caption"
            >
              Pomegranate
            </span>
          </label>
          <label
            class="flexbox-column element"
            for="bbb33b2d-e07d-4d13-a869-f3790e100477"
          >
            <input
              class="element__checkbox"
              id="bbb33b2d-e07d-4d13-a869-f3790e100477"
              type="checkbox"
            />
            <img
              alt="Star Fruit"
              class="element__image"
              src="star-fruit.webp"
            />
            <span
              class="element__caption"
            >
              Star Fruit
            </span>
          </label>
          <label
            class="flexbox-column element"
            for="bbb33b2d-e07d-4d13-a869-f3790e100477"
          >
            <input
              class="element__checkbox"
              id="bbb33b2d-e07d-4d13-a869-f3790e100477"
              type="checkbox"
            />
            <img
              alt="Strawberry"
              class="element__image"
              src="strawberry.webp"
            />
            <span
              class="element__caption"
            >
              Strawberry
            </span>
          </label>
          <label
            class="flexbox-column element"
            for="bbb33b2d-e07d-4d13-a869-f3790e100477"
          >
            <input
              class="element__checkbox"
              id="bbb33b2d-e07d-4d13-a869-f3790e100477"
              type="checkbox"
            />
            <img
              alt="Watermelon"
              class="element__image"
              src="watermelon.webp"
            />
            <span
              class="element__caption"
            >
              Watermelon
            </span>
          </label>
        </div>
      </div>
      <button
        class="draw-button"
        disabled=""
        type="button"
      >
        Select more fruits!
      </button>
    </div>
    <footer
      class="footer"
    >
      <p>
        Created with ❤ by Łukasz Szymański
      </p>
    </footer>
  </div>
</div>
`;
