// Jest Snapshot v1, https://goo.gl/fbAQLP

exports[`App should be rendered correctly. 1`] = `
<div>
  <div
    class="flexbox-fullscreen"
  >
    <header
      class="header"
    >
      <div
        class="header-container"
      >
        <div
          class="header-container2"
        >
          <img
            alt="Fruity Logo"
            class="header__logo"
            src="fruity-512x512.webp"
          />
          <h1
            class="header__title"
          >
            Fruity
          </h1>
        </div>
        <h2
          class="header__subtitle"
        >
          Click the button below and draw your fruit!
        </h2>
      </div>
    </header>
    <div
      class="flexbox-container"
    >
      <div
        class="widget"
      >
        <div
          class="widget-header"
        >
          <h2>
            Fruits to select:
          </h2>
          <button>
            Reset
          </button>
        </div>
        <div
          class="widget-container"
        >
          <div
            class="item"
          >
            <input
              id="bbb33b2d-e07d-4d13-a869-f3790e100477"
              type="checkbox"
            />
            <label
              for="bbb33b2d-e07d-4d13-a869-f3790e100477"
            >
              <img
                alt="Apple"
                class="item__image"
                src="apple.webp"
              />
            </label>
            <h3
              class="item__title"
            >
              Apple
            </h3>
          </div>
          <div
            class="item"
          >
            <input
              id="bbb33b2d-e07d-4d13-a869-f3790e100477"
              type="checkbox"
            />
            <label
              for="bbb33b2d-e07d-4d13-a869-f3790e100477"
            >
              <img
                alt="Banana"
                class="item__image"
                src="banana.webp"
              />
            </label>
            <h3
              class="item__title"
            >
              Banana
            </h3>
          </div>
          <div
            class="item"
          >
            <input
              id="bbb33b2d-e07d-4d13-a869-f3790e100477"
              type="checkbox"
            />
            <label
              for="bbb33b2d-e07d-4d13-a869-f3790e100477"
            >
              <img
                alt="Blackberry"
                class="item__image"
                src="blackberry.webp"
              />
            </label>
            <h3
              class="item__title"
            >
              Blackberry
            </h3>
          </div>
          <div
            class="item"
          >
            <input
              id="bbb33b2d-e07d-4d13-a869-f3790e100477"
              type="checkbox"
            />
            <label
              for="bbb33b2d-e07d-4d13-a869-f3790e100477"
            >
              <img
                alt="Blueberries"
                class="item__image"
                src="blueberries.webp"
              />
            </label>
            <h3
              class="item__title"
            >
              Blueberries
            </h3>
          </div>
          <div
            class="item"
          >
            <input
              id="bbb33b2d-e07d-4d13-a869-f3790e100477"
              type="checkbox"
            />
            <label
              for="bbb33b2d-e07d-4d13-a869-f3790e100477"
            >
              <img
                alt="Cherries"
                class="item__image"
                src="cherries.webp"
              />
            </label>
            <h3
              class="item__title"
            >
              Cherries
            </h3>
          </div>
          <div
            class="item"
          >
            <input
              id="bbb33b2d-e07d-4d13-a869-f3790e100477"
              type="checkbox"
            />
            <label
              for="bbb33b2d-e07d-4d13-a869-f3790e100477"
            >
              <img
                alt="Coconut"
                class="item__image"
                src="coconut.webp"
              />
            </label>
            <h3
              class="item__title"
            >
              Coconut
            </h3>
          </div>
          <div
            class="item"
          >
            <input
              id="bbb33b2d-e07d-4d13-a869-f3790e100477"
              type="checkbox"
            />
            <label
              for="bbb33b2d-e07d-4d13-a869-f3790e100477"
            >
              <img
                alt="Dragon Fruit"
                class="item__image"
                src="dragon-fruit.webp"
              />
            </label>
            <h3
              class="item__title"
            >
              Dragon Fruit
            </h3>
          </div>
          <div
            class="item"
          >
            <input
              id="bbb33b2d-e07d-4d13-a869-f3790e100477"
              type="checkbox"
            />
            <label
              for="bbb33b2d-e07d-4d13-a869-f3790e100477"
            >
              <img
                alt="Fig"
                class="item__image"
                src="fig.webp"
              />
            </label>
            <h3
              class="item__title"
            >
              Fig
            </h3>
          </div>
          <div
            class="item"
          >
            <input
              id="bbb33b2d-e07d-4d13-a869-f3790e100477"
              type="checkbox"
            />
            <label
              for="bbb33b2d-e07d-4d13-a869-f3790e100477"
            >
              <img
                alt="Grapes"
                class="item__image"
                src="grapes.webp"
              />
            </label>
            <h3
              class="item__title"
            >
              Grapes
            </h3>
          </div>
          <div
            class="item"
          >
            <input
              id="bbb33b2d-e07d-4d13-a869-f3790e100477"
              type="checkbox"
            />
            <label
              for="bbb33b2d-e07d-4d13-a869-f3790e100477"
            >
              <img
                alt="Kiwi"
                class="item__image"
                src="kiwi.webp"
              />
            </label>
            <h3
              class="item__title"
            >
              Kiwi
            </h3>
          </div>
          <div
            class="item"
          >
            <input
              id="bbb33b2d-e07d-4d13-a869-f3790e100477"
              type="checkbox"
            />
            <label
              for="bbb33b2d-e07d-4d13-a869-f3790e100477"
            >
              <img
                alt="Lemon"
                class="item__image"
                src="lemon.webp"
              />
            </label>
            <h3
              class="item__title"
            >
              Lemon
            </h3>
          </div>
          <div
            class="item"
          >
            <input
              id="bbb33b2d-e07d-4d13-a869-f3790e100477"
              type="checkbox"
            />
            <label
              for="bbb33b2d-e07d-4d13-a869-f3790e100477"
            >
              <img
                alt="Lychee"
                class="item__image"
                src="lychee.webp"
              />
            </label>
            <h3
              class="item__title"
            >
              Lychee
            </h3>
          </div>
          <div
            class="item"
          >
            <input
              id="bbb33b2d-e07d-4d13-a869-f3790e100477"
              type="checkbox"
            />
            <label
              for="bbb33b2d-e07d-4d13-a869-f3790e100477"
            >
              <img
                alt="Mango"
                class="item__image"
                src="mango.webp"
              />
            </label>
            <h3
              class="item__title"
            >
              Mango
            </h3>
          </div>
          <div
            class="item"
          >
            <input
              id="bbb33b2d-e07d-4d13-a869-f3790e100477"
              type="checkbox"
            />
            <label
              for="bbb33b2d-e07d-4d13-a869-f3790e100477"
            >
              <img
                alt="Melon"
                class="item__image"
                src="melon.webp"
              />
            </label>
            <h3
              class="item__title"
            >
              Melon
            </h3>
          </div>
          <div
            class="item"
          >
            <input
              id="bbb33b2d-e07d-4d13-a869-f3790e100477"
              type="checkbox"
            />
            <label
              for="bbb33b2d-e07d-4d13-a869-f3790e100477"
            >
              <img
                alt="Orange"
                class="item__image"
                src="orange.webp"
              />
            </label>
            <h3
              class="item__title"
            >
              Orange
            </h3>
          </div>
          <div
            class="item"
          >
            <input
              id="bbb33b2d-e07d-4d13-a869-f3790e100477"
              type="checkbox"
            />
            <label
              for="bbb33b2d-e07d-4d13-a869-f3790e100477"
            >
              <img
                alt="Papaya"
                class="item__image"
                src="papaya.webp"
              />
            </label>
            <h3
              class="item__title"
            >
              Papaya
            </h3>
          </div>
          <div
            class="item"
          >
            <input
              id="bbb33b2d-e07d-4d13-a869-f3790e100477"
              type="checkbox"
            />
            <label
              for="bbb33b2d-e07d-4d13-a869-f3790e100477"
            >
              <img
                alt="Peach"
                class="item__image"
                src="peach.webp"
              />
            </label>
            <h3
              class="item__title"
            >
              Peach
            </h3>
          </div>
          <div
            class="item"
          >
            <input
              id="bbb33b2d-e07d-4d13-a869-f3790e100477"
              type="checkbox"
            />
            <label
              for="bbb33b2d-e07d-4d13-a869-f3790e100477"
            >
              <img
                alt="Pear"
                class="item__image"
                src="pear.webp"
              />
            </label>
            <h3
              class="item__title"
            >
              Pear
            </h3>
          </div>
          <div
            class="item"
          >
            <input
              id="bbb33b2d-e07d-4d13-a869-f3790e100477"
              type="checkbox"
            />
            <label
              for="bbb33b2d-e07d-4d13-a869-f3790e100477"
            >
              <img
                alt="Pineapple"
                class="item__image"
                src="pineapple.webp"
              />
            </label>
            <h3
              class="item__title"
            >
              Pineapple
            </h3>
          </div>
          <div
            class="item"
          >
            <input
              id="bbb33b2d-e07d-4d13-a869-f3790e100477"
              type="checkbox"
            />
            <label
              for="bbb33b2d-e07d-4d13-a869-f3790e100477"
            >
              <img
                alt="Plum"
                class="item__image"
                src="plum.webp"
              />
            </label>
            <h3
              class="item__title"
            >
              Plum
            </h3>
          </div>
          <div
            class="item"
          >
            <input
              id="bbb33b2d-e07d-4d13-a869-f3790e100477"
              type="checkbox"
            />
            <label
              for="bbb33b2d-e07d-4d13-a869-f3790e100477"
            >
              <img
                alt="Pomegranate"
                class="item__image"
                src="pomegranate.webp"
              />
            </label>
            <h3
              class="item__title"
            >
              Pomegranate
            </h3>
          </div>
          <div
            class="item"
          >
            <input
              id="bbb33b2d-e07d-4d13-a869-f3790e100477"
              type="checkbox"
            />
            <label
              for="bbb33b2d-e07d-4d13-a869-f3790e100477"
            >
              <img
                alt="Star Fruit"
                class="item__image"
                src="star-fruit.webp"
              />
            </label>
            <h3
              class="item__title"
            >
              Star Fruit
            </h3>
          </div>
          <div
            class="item"
          >
            <input
              id="bbb33b2d-e07d-4d13-a869-f3790e100477"
              type="checkbox"
            />
            <label
              for="bbb33b2d-e07d-4d13-a869-f3790e100477"
            >
              <img
                alt="Strawberry"
                class="item__image"
                src="strawberry.webp"
              />
            </label>
            <h3
              class="item__title"
            >
              Strawberry
            </h3>
          </div>
          <div
            class="item"
          >
            <input
              id="bbb33b2d-e07d-4d13-a869-f3790e100477"
              type="checkbox"
            />
            <label
              for="bbb33b2d-e07d-4d13-a869-f3790e100477"
            >
              <img
                alt="Watermelon"
                class="item__image"
                src="watermelon.webp"
              />
            </label>
            <h3
              class="item__title"
            >
              Watermelon
            </h3>
          </div>
        </div>
      </div>
      <button
        class="big-button"
        disabled=""
        type="button"
      >
        Select more fruits!
      </button>
    </div>
    <footer
      class="footer"
    >
      <p>
        Created with ❤ by Łukasz Szymański
      </p>
    </footer>
  </div>
</div>
`;
