// Jest Snapshot v1, https://goo.gl/fbAQLP

exports[`Element should be rendered correctly. 1`] = `
<div>
  <div
    class="item"
  >
    <input
      id="bbb33b2d-e07d-4d13-a869-f3790e100477"
      type="checkbox"
    />
    <label
      for="bbb33b2d-e07d-4d13-a869-f3790e100477"
    >
      <img
        alt="Apple"
        class="item__image"
        src="apple.webp"
      />
    </label>
    <h3
      class="item__title"
    >
      Apple
    </h3>
  </div>
</div>
`;
