// Jest Snapshot v1, https://goo.gl/fbAQLP

exports[`Fruity should be rendered correctly. 1`] = `
Object {
  "asFragment": [Function],
  "baseElement": <body>
    <div>
      <div>
        <div
          class="header"
        >
          <div
            class="container"
          >
            <div
              class="header-container"
            >
              <img
                alt="Fruity Logo"
                class="header__logo"
                src="logo512-outlined.png"
              />
              <h1
                class="header__title"
              >
                Fruity
              </h1>
            </div>
            <div>
              <h3
                class="header__subtitle"
              >
                Are you a fruit lover? Have you ever been unable to decide what kind of fruit you would like to eat? Don't worry about that anymore! Just click the button below!
              </h3>
            </div>
          </div>
        </div>
        <div
          class="container"
        >
          <div
            class="widget"
          >
            <div
              class="widget-header"
            >
              <h2>
                Fruits to select:
              </h2>
            </div>
            <div
              class="widget-container"
            >
              <div
                class="item"
              >
                <img
                  alt="Apple"
                  class="item__image"
                  id="bbb33b2d-e07d-4d13-a869-f3790e100477"
                  src="apple-color.png"
                />
                <h4
                  class="item__title"
                >
                  Apple
                </h4>
              </div>
              <div
                class="item"
              >
                <img
                  alt="Banana"
                  class="item__image"
                  id="bbb33b2d-e07d-4d13-a869-f3790e100477"
                  src="banana-color.png"
                />
                <h4
                  class="item__title"
                >
                  Banana
                </h4>
              </div>
              <div
                class="item"
              >
                <img
                  alt="Blackberry"
                  class="item__image"
                  id="bbb33b2d-e07d-4d13-a869-f3790e100477"
                  src="blackberry-color.png"
                />
                <h4
                  class="item__title"
                >
                  Blackberry
                </h4>
              </div>
              <div
                class="item"
              >
                <img
                  alt="Blueberries"
                  class="item__image"
                  id="bbb33b2d-e07d-4d13-a869-f3790e100477"
                  src="blueberries-color.png"
                />
                <h4
                  class="item__title"
                >
                  Blueberries
                </h4>
              </div>
              <div
                class="item"
              >
                <img
                  alt="Cherries"
                  class="item__image"
                  id="bbb33b2d-e07d-4d13-a869-f3790e100477"
                  src="cherries-color.png"
                />
                <h4
                  class="item__title"
                >
                  Cherries
                </h4>
              </div>
              <div
                class="item"
              >
                <img
                  alt="Coconut"
                  class="item__image"
                  id="bbb33b2d-e07d-4d13-a869-f3790e100477"
                  src="coconut-color.png"
                />
                <h4
                  class="item__title"
                >
                  Coconut
                </h4>
              </div>
              <div
                class="item"
              >
                <img
                  alt="Dragon Fruit"
                  class="item__image"
                  id="bbb33b2d-e07d-4d13-a869-f3790e100477"
                  src="dragon-fruit-color.png"
                />
                <h4
                  class="item__title"
                >
                  Dragon Fruit
                </h4>
              </div>
              <div
                class="item"
              >
                <img
                  alt="Fig"
                  class="item__image"
                  id="bbb33b2d-e07d-4d13-a869-f3790e100477"
                  src="fig-color.png"
                />
                <h4
                  class="item__title"
                >
                  Fig
                </h4>
              </div>
              <div
                class="item"
              >
                <img
                  alt="Grapes"
                  class="item__image"
                  id="bbb33b2d-e07d-4d13-a869-f3790e100477"
                  src="grapes-color.png"
                />
                <h4
                  class="item__title"
                >
                  Grapes
                </h4>
              </div>
              <div
                class="item"
              >
                <img
                  alt="Kiwi"
                  class="item__image"
                  id="bbb33b2d-e07d-4d13-a869-f3790e100477"
                  src="kiwi-color.png"
                />
                <h4
                  class="item__title"
                >
                  Kiwi
                </h4>
              </div>
              <div
                class="item"
              >
                <img
                  alt="Lemon"
                  class="item__image"
                  id="bbb33b2d-e07d-4d13-a869-f3790e100477"
                  src="lemon-color.png"
                />
                <h4
                  class="item__title"
                >
                  Lemon
                </h4>
              </div>
              <div
                class="item"
              >
                <img
                  alt="Lychee"
                  class="item__image"
                  id="bbb33b2d-e07d-4d13-a869-f3790e100477"
                  src="lychee-color.png"
                />
                <h4
                  class="item__title"
                >
                  Lychee
                </h4>
              </div>
              <div
                class="item"
              >
                <img
                  alt="Mango"
                  class="item__image"
                  id="bbb33b2d-e07d-4d13-a869-f3790e100477"
                  src="mango-color.png"
                />
                <h4
                  class="item__title"
                >
                  Mango
                </h4>
              </div>
              <div
                class="item"
              >
                <img
                  alt="Melon"
                  class="item__image"
                  id="bbb33b2d-e07d-4d13-a869-f3790e100477"
                  src="melon-color.png"
                />
                <h4
                  class="item__title"
                >
                  Melon
                </h4>
              </div>
              <div
                class="item"
              >
                <img
                  alt="Orange"
                  class="item__image"
                  id="bbb33b2d-e07d-4d13-a869-f3790e100477"
                  src="orange-color.png"
                />
                <h4
                  class="item__title"
                >
                  Orange
                </h4>
              </div>
              <div
                class="item"
              >
                <img
                  alt="Papaya"
                  class="item__image"
                  id="bbb33b2d-e07d-4d13-a869-f3790e100477"
                  src="papaya-color.png"
                />
                <h4
                  class="item__title"
                >
                  Papaya
                </h4>
              </div>
              <div
                class="item"
              >
                <img
                  alt="Peach"
                  class="item__image"
                  id="bbb33b2d-e07d-4d13-a869-f3790e100477"
                  src="peach-color.png"
                />
                <h4
                  class="item__title"
                >
                  Peach
                </h4>
              </div>
              <div
                class="item"
              >
                <img
                  alt="Pear"
                  class="item__image"
                  id="bbb33b2d-e07d-4d13-a869-f3790e100477"
                  src="pear-color.png"
                />
                <h4
                  class="item__title"
                >
                  Pear
                </h4>
              </div>
              <div
                class="item"
              >
                <img
                  alt="Pineapple"
                  class="item__image"
                  id="bbb33b2d-e07d-4d13-a869-f3790e100477"
                  src="pineapple-color.png"
                />
                <h4
                  class="item__title"
                >
                  Pineapple
                </h4>
              </div>
              <div
                class="item"
              >
                <img
                  alt="Plum"
                  class="item__image"
                  id="bbb33b2d-e07d-4d13-a869-f3790e100477"
                  src="plum-color.png"
                />
                <h4
                  class="item__title"
                >
                  Plum
                </h4>
              </div>
              <div
                class="item"
              >
                <img
                  alt="Pomegranate"
                  class="item__image"
                  id="bbb33b2d-e07d-4d13-a869-f3790e100477"
                  src="pomegranate-color.png"
                />
                <h4
                  class="item__title"
                >
                  Pomegranate
                </h4>
              </div>
              <div
                class="item"
              >
                <img
                  alt="Star Fruit"
                  class="item__image"
                  id="bbb33b2d-e07d-4d13-a869-f3790e100477"
                  src="star-fruit-color.png"
                />
                <h4
                  class="item__title"
                >
                  Star Fruit
                </h4>
              </div>
              <div
                class="item"
              >
                <img
                  alt="Strawberry"
                  class="item__image"
                  id="bbb33b2d-e07d-4d13-a869-f3790e100477"
                  src="strawberry-color.png"
                />
                <h4
                  class="item__title"
                >
                  Strawberry
                </h4>
              </div>
              <div
                class="item"
              >
                <img
                  alt="Watermelon"
                  class="item__image"
                  id="bbb33b2d-e07d-4d13-a869-f3790e100477"
                  src="watermelon-color.png"
                />
                <h4
                  class="item__title"
                >
                  Watermelon
                </h4>
              </div>
            </div>
          </div>
          <div>
            <button
              class="big-button"
            >
              Draw a fruit!
            </button>
          </div>
        </div>
        <div
          class="footer"
        >
          <p
            class="footer__attribution"
          >
            Logo created by 
            <a
              href="https://www.flaticon.com/authors/freepik"
            >
              Freepik
            </a>
             | Icons created by 
            <a
              href="https://www.flaticon.com/authors/smashicons"
            >
              Smashicons
            </a>
          </p>
        </div>
      </div>
    </div>
    <div
      class="ReactModalPortal"
    />
  </body>,
  "container": <div>
    <div>
      <div
        class="header"
      >
        <div
          class="container"
        >
          <div
            class="header-container"
          >
            <img
              alt="Fruity Logo"
              class="header__logo"
              src="logo512-outlined.png"
            />
            <h1
              class="header__title"
            >
              Fruity
            </h1>
          </div>
          <div>
            <h3
              class="header__subtitle"
            >
              Are you a fruit lover? Have you ever been unable to decide what kind of fruit you would like to eat? Don't worry about that anymore! Just click the button below!
            </h3>
          </div>
        </div>
      </div>
      <div
        class="container"
      >
        <div
          class="widget"
        >
          <div
            class="widget-header"
          >
            <h2>
              Fruits to select:
            </h2>
          </div>
          <div
            class="widget-container"
          >
            <div
              class="item"
            >
              <img
                alt="Apple"
                class="item__image"
                id="bbb33b2d-e07d-4d13-a869-f3790e100477"
                src="apple-color.png"
              />
              <h4
                class="item__title"
              >
                Apple
              </h4>
            </div>
            <div
              class="item"
            >
              <img
                alt="Banana"
                class="item__image"
                id="bbb33b2d-e07d-4d13-a869-f3790e100477"
                src="banana-color.png"
              />
              <h4
                class="item__title"
              >
                Banana
              </h4>
            </div>
            <div
              class="item"
            >
              <img
                alt="Blackberry"
                class="item__image"
                id="bbb33b2d-e07d-4d13-a869-f3790e100477"
                src="blackberry-color.png"
              />
              <h4
                class="item__title"
              >
                Blackberry
              </h4>
            </div>
            <div
              class="item"
            >
              <img
                alt="Blueberries"
                class="item__image"
                id="bbb33b2d-e07d-4d13-a869-f3790e100477"
                src="blueberries-color.png"
              />
              <h4
                class="item__title"
              >
                Blueberries
              </h4>
            </div>
            <div
              class="item"
            >
              <img
                alt="Cherries"
                class="item__image"
                id="bbb33b2d-e07d-4d13-a869-f3790e100477"
                src="cherries-color.png"
              />
              <h4
                class="item__title"
              >
                Cherries
              </h4>
            </div>
            <div
              class="item"
            >
              <img
                alt="Coconut"
                class="item__image"
                id="bbb33b2d-e07d-4d13-a869-f3790e100477"
                src="coconut-color.png"
              />
              <h4
                class="item__title"
              >
                Coconut
              </h4>
            </div>
            <div
              class="item"
            >
              <img
                alt="Dragon Fruit"
                class="item__image"
                id="bbb33b2d-e07d-4d13-a869-f3790e100477"
                src="dragon-fruit-color.png"
              />
              <h4
                class="item__title"
              >
                Dragon Fruit
              </h4>
            </div>
            <div
              class="item"
            >
              <img
                alt="Fig"
                class="item__image"
                id="bbb33b2d-e07d-4d13-a869-f3790e100477"
                src="fig-color.png"
              />
              <h4
                class="item__title"
              >
                Fig
              </h4>
            </div>
            <div
              class="item"
            >
              <img
                alt="Grapes"
                class="item__image"
                id="bbb33b2d-e07d-4d13-a869-f3790e100477"
                src="grapes-color.png"
              />
              <h4
                class="item__title"
              >
                Grapes
              </h4>
            </div>
            <div
              class="item"
            >
              <img
                alt="Kiwi"
                class="item__image"
                id="bbb33b2d-e07d-4d13-a869-f3790e100477"
                src="kiwi-color.png"
              />
              <h4
                class="item__title"
              >
                Kiwi
              </h4>
            </div>
            <div
              class="item"
            >
              <img
                alt="Lemon"
                class="item__image"
                id="bbb33b2d-e07d-4d13-a869-f3790e100477"
                src="lemon-color.png"
              />
              <h4
                class="item__title"
              >
                Lemon
              </h4>
            </div>
            <div
              class="item"
            >
              <img
                alt="Lychee"
                class="item__image"
                id="bbb33b2d-e07d-4d13-a869-f3790e100477"
                src="lychee-color.png"
              />
              <h4
                class="item__title"
              >
                Lychee
              </h4>
            </div>
            <div
              class="item"
            >
              <img
                alt="Mango"
                class="item__image"
                id="bbb33b2d-e07d-4d13-a869-f3790e100477"
                src="mango-color.png"
              />
              <h4
                class="item__title"
              >
                Mango
              </h4>
            </div>
            <div
              class="item"
            >
              <img
                alt="Melon"
                class="item__image"
                id="bbb33b2d-e07d-4d13-a869-f3790e100477"
                src="melon-color.png"
              />
              <h4
                class="item__title"
              >
                Melon
              </h4>
            </div>
            <div
              class="item"
            >
              <img
                alt="Orange"
                class="item__image"
                id="bbb33b2d-e07d-4d13-a869-f3790e100477"
                src="orange-color.png"
              />
              <h4
                class="item__title"
              >
                Orange
              </h4>
            </div>
            <div
              class="item"
            >
              <img
                alt="Papaya"
                class="item__image"
                id="bbb33b2d-e07d-4d13-a869-f3790e100477"
                src="papaya-color.png"
              />
              <h4
                class="item__title"
              >
                Papaya
              </h4>
            </div>
            <div
              class="item"
            >
              <img
                alt="Peach"
                class="item__image"
                id="bbb33b2d-e07d-4d13-a869-f3790e100477"
                src="peach-color.png"
              />
              <h4
                class="item__title"
              >
                Peach
              </h4>
            </div>
            <div
              class="item"
            >
              <img
                alt="Pear"
                class="item__image"
                id="bbb33b2d-e07d-4d13-a869-f3790e100477"
                src="pear-color.png"
              />
              <h4
                class="item__title"
              >
                Pear
              </h4>
            </div>
            <div
              class="item"
            >
              <img
                alt="Pineapple"
                class="item__image"
                id="bbb33b2d-e07d-4d13-a869-f3790e100477"
                src="pineapple-color.png"
              />
              <h4
                class="item__title"
              >
                Pineapple
              </h4>
            </div>
            <div
              class="item"
            >
              <img
                alt="Plum"
                class="item__image"
                id="bbb33b2d-e07d-4d13-a869-f3790e100477"
                src="plum-color.png"
              />
              <h4
                class="item__title"
              >
                Plum
              </h4>
            </div>
            <div
              class="item"
            >
              <img
                alt="Pomegranate"
                class="item__image"
                id="bbb33b2d-e07d-4d13-a869-f3790e100477"
                src="pomegranate-color.png"
              />
              <h4
                class="item__title"
              >
                Pomegranate
              </h4>
            </div>
            <div
              class="item"
            >
              <img
                alt="Star Fruit"
                class="item__image"
                id="bbb33b2d-e07d-4d13-a869-f3790e100477"
                src="star-fruit-color.png"
              />
              <h4
                class="item__title"
              >
                Star Fruit
              </h4>
            </div>
            <div
              class="item"
            >
              <img
                alt="Strawberry"
                class="item__image"
                id="bbb33b2d-e07d-4d13-a869-f3790e100477"
                src="strawberry-color.png"
              />
              <h4
                class="item__title"
              >
                Strawberry
              </h4>
            </div>
            <div
              class="item"
            >
              <img
                alt="Watermelon"
                class="item__image"
                id="bbb33b2d-e07d-4d13-a869-f3790e100477"
                src="watermelon-color.png"
              />
              <h4
                class="item__title"
              >
                Watermelon
              </h4>
            </div>
          </div>
        </div>
        <div>
          <button
            class="big-button"
          >
            Draw a fruit!
          </button>
        </div>
      </div>
      <div
        class="footer"
      >
        <p
          class="footer__attribution"
        >
          Logo created by 
          <a
            href="https://www.flaticon.com/authors/freepik"
          >
            Freepik
          </a>
           | Icons created by 
          <a
            href="https://www.flaticon.com/authors/smashicons"
          >
            Smashicons
          </a>
        </p>
      </div>
    </div>
  </div>,
  "debug": [Function],
  "findAllByAltText": [Function],
  "findAllByDisplayValue": [Function],
  "findAllByLabelText": [Function],
  "findAllByPlaceholderText": [Function],
  "findAllByRole": [Function],
  "findAllByTestId": [Function],
  "findAllByText": [Function],
  "findAllByTitle": [Function],
  "findByAltText": [Function],
  "findByDisplayValue": [Function],
  "findByLabelText": [Function],
  "findByPlaceholderText": [Function],
  "findByRole": [Function],
  "findByTestId": [Function],
  "findByText": [Function],
  "findByTitle": [Function],
  "getAllByAltText": [Function],
  "getAllByDisplayValue": [Function],
  "getAllByLabelText": [Function],
  "getAllByPlaceholderText": [Function],
  "getAllByRole": [Function],
  "getAllByTestId": [Function],
  "getAllByText": [Function],
  "getAllByTitle": [Function],
  "getByAltText": [Function],
  "getByDisplayValue": [Function],
  "getByLabelText": [Function],
  "getByPlaceholderText": [Function],
  "getByRole": [Function],
  "getByTestId": [Function],
  "getByText": [Function],
  "getByTitle": [Function],
  "queryAllByAltText": [Function],
  "queryAllByDisplayValue": [Function],
  "queryAllByLabelText": [Function],
  "queryAllByPlaceholderText": [Function],
  "queryAllByRole": [Function],
  "queryAllByTestId": [Function],
  "queryAllByText": [Function],
  "queryAllByTitle": [Function],
  "queryByAltText": [Function],
  "queryByDisplayValue": [Function],
  "queryByLabelText": [Function],
  "queryByPlaceholderText": [Function],
  "queryByRole": [Function],
  "queryByTestId": [Function],
  "queryByText": [Function],
  "queryByTitle": [Function],
  "rerender": [Function],
  "unmount": [Function],
}
`;
