// Jest Snapshot v1, https://goo.gl/fbAQLP

exports[`Header should be rendered correctly. 1`] = `
<div>
  <header
    class="header"
  >
    <div
      class="header-container"
    >
      <div
        class="header-container2"
      >
        <img
          alt="Fruity Logo"
          class="header__logo"
          src="fruity-512x512.webp"
        />
        <h1
          class="header__title"
        >
          Fruity
        </h1>
      </div>
      <h2
        class="header__subtitle"
      >
        Click the button below and draw your fruit!
      </h2>
    </div>
  </header>
</div>
`;
