// Jest Snapshot v1, https://goo.gl/fbAQLP

exports[`Modal should be rendered correctly. 1`] = `
<body
  class="theme-light"
>
  <div
    data-react-modal-body-trap=""
    style="position: absolute; opacity: 0;"
    tabindex="0"
  />
  <div />
  <div
    data-react-modal-body-trap=""
    style="position: absolute; opacity: 0;"
    tabindex="0"
  />
  <div
    class="ReactModalPortal"
  >
    <div
      class="ReactModal__Overlay"
      style="position: fixed; top: 0px; left: 0px; right: 0px; bottom: 0px; background-color: rgba(255, 255, 255, 0.75);"
    >
      <div
        aria-label="Application Modal"
        aria-modal="true"
        class="ReactModal__Content modal modal--light"
        role="dialog"
        tabindex="-1"
      >
        <img
          alt="apple"
          class="modal__image"
          src="apple.webp"
        />
        <span
          class="modal__caption"
        >
          APPLE
        </span>
      </div>
    </div>
  </div>
</body>
`;
