// Jest Snapshot v1, https://goo.gl/fbAQLP

exports[`Widget should be rendered correctly. 1`] = `
Object {
  "asFragment": [Function],
  "baseElement": <body>
    <div>
      <div
        class="widget"
      >
        <div
          class="widget-header"
        >
          <h2>
            Fruits to select:
          </h2>
        </div>
        <div
          class="widget-container"
        >
          <div
            class="item"
          >
            <img
              alt="Apple"
              class="item__image"
              id="bbb33b2d-e07d-4d13-a869-f3790e100477"
              src="apple-color.png"
            />
            <p
              class="item__name"
            >
              Apple
            </p>
          </div>
          <div
            class="item"
          >
            <img
              alt="Banana"
              class="item__image"
              id="96e46eeb-6ef0-42cf-b603-1aafcf1f4243"
              src="banana-color.png"
            />
            <p
              class="item__name"
            >
              Banana
            </p>
          </div>
          <div
            class="item"
          >
            <img
              alt="Blackberry"
              class="item__image"
              id="54bd781a-c214-4f86-a7cb-04aa3cf9fe94"
              src="blackberry-color.png"
            />
            <p
              class="item__name"
            >
              Blackberry
            </p>
          </div>
          <div
            class="item"
          >
            <img
              alt="Blueberries"
              class="item__image"
              id="dee3e5ec-5009-430d-be10-03a7046bfcb7"
              src="blueberries-color.png"
            />
            <p
              class="item__name"
            >
              Blueberries
            </p>
          </div>
          <div
            class="item"
          >
            <img
              alt="Cherries"
              class="item__image"
              id="b07b36bc-2294-4cb6-bb30-c7e632b135c8"
              src="cherries-color.png"
            />
            <p
              class="item__name"
            >
              Cherries
            </p>
          </div>
          <div
            class="item"
          >
            <img
              alt="Coconut"
              class="item__image"
              id="782a90f6-b968-4750-b7c3-5215416d0dc4"
              src="coconut-color.png"
            />
            <p
              class="item__name"
            >
              Coconut
            </p>
          </div>
          <div
            class="item"
          >
            <img
              alt="Dragon Fruit"
              class="item__image"
              id="68fa7475-94ca-441a-a038-eb3730164e91"
              src="dragon-fruit-color.png"
            />
            <p
              class="item__name"
            >
              Dragon Fruit
            </p>
          </div>
          <div
            class="item"
          >
            <img
              alt="Fig"
              class="item__image"
              id="f5209f29-317d-40cc-8430-743e54f06787"
              src="fig-color.png"
            />
            <p
              class="item__name"
            >
              Fig
            </p>
          </div>
          <div
            class="item"
          >
            <img
              alt="Grapes"
              class="item__image"
              id="af5aabeb-cef5-4aa0-ab95-6139e3758625"
              src="grapes-color.png"
            />
            <p
              class="item__name"
            >
              Grapes
            </p>
          </div>
          <div
            class="item"
          >
            <img
              alt="Kiwi"
              class="item__image"
              id="7fa2ab07-41a9-4809-ad18-0245ba4b8a66"
              src="kiwi-color.png"
            />
            <p
              class="item__name"
            >
              Kiwi
            </p>
          </div>
          <div
            class="item"
          >
            <img
              alt="Lemon"
              class="item__image"
              id="3a546af4-d0e5-42b0-b030-693aef8bc118"
              src="lemon-color.png"
            />
            <p
              class="item__name"
            >
              Lemon
            </p>
          </div>
          <div
            class="item"
          >
            <img
              alt="Lychee"
              class="item__image"
              id="96a49d88-ed3c-434c-a4ab-02ba3f81ef0a"
              src="lychee-color.png"
            />
            <p
              class="item__name"
            >
              Lychee
            </p>
          </div>
          <div
            class="item"
          >
            <img
              alt="Mango"
              class="item__image"
              id="8630f009-dd2a-4552-ab30-d45269ddcf91"
              src="mango-color.png"
            />
            <p
              class="item__name"
            >
              Mango
            </p>
          </div>
          <div
            class="item"
          >
            <img
              alt="Melon"
              class="item__image"
              id="4988db07-d09f-4538-ab06-6e29a3eb8f1c"
              src="melon-color.png"
            />
            <p
              class="item__name"
            >
              Melon
            </p>
          </div>
          <div
            class="item"
          >
            <img
              alt="Orange"
              class="item__image"
              id="f5571ca7-5216-4125-b28c-c2e51489fd15"
              src="orange-color.png"
            />
            <p
              class="item__name"
            >
              Orange
            </p>
          </div>
          <div
            class="item"
          >
            <img
              alt="Papaya"
              class="item__image"
              id="ef858b1e-a7b7-4c77-ab7d-36ec8fea11fa"
              src="papaya-color.png"
            />
            <p
              class="item__name"
            >
              Papaya
            </p>
          </div>
          <div
            class="item"
          >
            <img
              alt="Peach"
              class="item__image"
              id="131dd57d-aa14-4579-af7a-5590e73424aa"
              src="peach-color.png"
            />
            <p
              class="item__name"
            >
              Peach
            </p>
          </div>
          <div
            class="item"
          >
            <img
              alt="Pear"
              class="item__image"
              id="96302038-f1ab-4cbd-ac30-584eec9d2809"
              src="pear-color.png"
            />
            <p
              class="item__name"
            >
              Pear
            </p>
          </div>
          <div
            class="item"
          >
            <img
              alt="Pineapple"
              class="item__image"
              id="74e201cc-2972-413f-a037-5bb41bd6eaca"
              src="pineapple-color.png"
            />
            <p
              class="item__name"
            >
              Pineapple
            </p>
          </div>
          <div
            class="item"
          >
            <img
              alt="Plum"
              class="item__image"
              id="03f0cea5-cd8c-4b71-b1d0-e6d563e10547"
              src="plum-color.png"
            />
            <p
              class="item__name"
            >
              Plum
            </p>
          </div>
          <div
            class="item"
          >
            <img
              alt="Pomegranate"
              class="item__image"
              id="35b3b4c3-678a-4dc8-b9aa-f25c7b490e23"
              src="pomegranate-color.png"
            />
            <p
              class="item__name"
            >
              Pomegranate
            </p>
          </div>
          <div
            class="item"
          >
            <img
              alt="Star Fruit"
              class="item__image"
              id="cb5f4716-83f1-4fde-ba45-ac28b4123ce1"
              src="star-fruit-color.png"
            />
            <p
              class="item__name"
            >
              Star Fruit
            </p>
          </div>
          <div
            class="item"
          >
            <img
              alt="Strawberry"
              class="item__image"
              id="1e932ec2-946d-4eb0-a688-d821cf3d457f"
              src="strawberry-color.png"
            />
            <p
              class="item__name"
            >
              Strawberry
            </p>
          </div>
          <div
            class="item"
          >
            <img
              alt="Watermelon"
              class="item__image"
              id="afcd0595-ffb1-4002-b127-53e5dd9c4f73"
              src="watermelon-color.png"
            />
            <p
              class="item__name"
            >
              Watermelon
            </p>
          </div>
        </div>
      </div>
    </div>
  </body>,
  "container": <div>
    <div
      class="widget"
    >
      <div
        class="widget-header"
      >
        <h2>
          Fruits to select:
        </h2>
      </div>
      <div
        class="widget-container"
      >
        <div
          class="item"
        >
          <img
            alt="Apple"
            class="item__image"
            id="bbb33b2d-e07d-4d13-a869-f3790e100477"
            src="apple-color.png"
          />
          <p
            class="item__name"
          >
            Apple
          </p>
        </div>
        <div
          class="item"
        >
          <img
            alt="Banana"
            class="item__image"
            id="96e46eeb-6ef0-42cf-b603-1aafcf1f4243"
            src="banana-color.png"
          />
          <p
            class="item__name"
          >
            Banana
          </p>
        </div>
        <div
          class="item"
        >
          <img
            alt="Blackberry"
            class="item__image"
            id="54bd781a-c214-4f86-a7cb-04aa3cf9fe94"
            src="blackberry-color.png"
          />
          <p
            class="item__name"
          >
            Blackberry
          </p>
        </div>
        <div
          class="item"
        >
          <img
            alt="Blueberries"
            class="item__image"
            id="dee3e5ec-5009-430d-be10-03a7046bfcb7"
            src="blueberries-color.png"
          />
          <p
            class="item__name"
          >
            Blueberries
          </p>
        </div>
        <div
          class="item"
        >
          <img
            alt="Cherries"
            class="item__image"
            id="b07b36bc-2294-4cb6-bb30-c7e632b135c8"
            src="cherries-color.png"
          />
          <p
            class="item__name"
          >
            Cherries
          </p>
        </div>
        <div
          class="item"
        >
          <img
            alt="Coconut"
            class="item__image"
            id="782a90f6-b968-4750-b7c3-5215416d0dc4"
            src="coconut-color.png"
          />
          <p
            class="item__name"
          >
            Coconut
          </p>
        </div>
        <div
          class="item"
        >
          <img
            alt="Dragon Fruit"
            class="item__image"
            id="68fa7475-94ca-441a-a038-eb3730164e91"
            src="dragon-fruit-color.png"
          />
          <p
            class="item__name"
          >
            Dragon Fruit
          </p>
        </div>
        <div
          class="item"
        >
          <img
            alt="Fig"
            class="item__image"
            id="f5209f29-317d-40cc-8430-743e54f06787"
            src="fig-color.png"
          />
          <p
            class="item__name"
          >
            Fig
          </p>
        </div>
        <div
          class="item"
        >
          <img
            alt="Grapes"
            class="item__image"
            id="af5aabeb-cef5-4aa0-ab95-6139e3758625"
            src="grapes-color.png"
          />
          <p
            class="item__name"
          >
            Grapes
          </p>
        </div>
        <div
          class="item"
        >
          <img
            alt="Kiwi"
            class="item__image"
            id="7fa2ab07-41a9-4809-ad18-0245ba4b8a66"
            src="kiwi-color.png"
          />
          <p
            class="item__name"
          >
            Kiwi
          </p>
        </div>
        <div
          class="item"
        >
          <img
            alt="Lemon"
            class="item__image"
            id="3a546af4-d0e5-42b0-b030-693aef8bc118"
            src="lemon-color.png"
          />
          <p
            class="item__name"
          >
            Lemon
          </p>
        </div>
        <div
          class="item"
        >
          <img
            alt="Lychee"
            class="item__image"
            id="96a49d88-ed3c-434c-a4ab-02ba3f81ef0a"
            src="lychee-color.png"
          />
          <p
            class="item__name"
          >
            Lychee
          </p>
        </div>
        <div
          class="item"
        >
          <img
            alt="Mango"
            class="item__image"
            id="8630f009-dd2a-4552-ab30-d45269ddcf91"
            src="mango-color.png"
          />
          <p
            class="item__name"
          >
            Mango
          </p>
        </div>
        <div
          class="item"
        >
          <img
            alt="Melon"
            class="item__image"
            id="4988db07-d09f-4538-ab06-6e29a3eb8f1c"
            src="melon-color.png"
          />
          <p
            class="item__name"
          >
            Melon
          </p>
        </div>
        <div
          class="item"
        >
          <img
            alt="Orange"
            class="item__image"
            id="f5571ca7-5216-4125-b28c-c2e51489fd15"
            src="orange-color.png"
          />
          <p
            class="item__name"
          >
            Orange
          </p>
        </div>
        <div
          class="item"
        >
          <img
            alt="Papaya"
            class="item__image"
            id="ef858b1e-a7b7-4c77-ab7d-36ec8fea11fa"
            src="papaya-color.png"
          />
          <p
            class="item__name"
          >
            Papaya
          </p>
        </div>
        <div
          class="item"
        >
          <img
            alt="Peach"
            class="item__image"
            id="131dd57d-aa14-4579-af7a-5590e73424aa"
            src="peach-color.png"
          />
          <p
            class="item__name"
          >
            Peach
          </p>
        </div>
        <div
          class="item"
        >
          <img
            alt="Pear"
            class="item__image"
            id="96302038-f1ab-4cbd-ac30-584eec9d2809"
            src="pear-color.png"
          />
          <p
            class="item__name"
          >
            Pear
          </p>
        </div>
        <div
          class="item"
        >
          <img
            alt="Pineapple"
            class="item__image"
            id="74e201cc-2972-413f-a037-5bb41bd6eaca"
            src="pineapple-color.png"
          />
          <p
            class="item__name"
          >
            Pineapple
          </p>
        </div>
        <div
          class="item"
        >
          <img
            alt="Plum"
            class="item__image"
            id="03f0cea5-cd8c-4b71-b1d0-e6d563e10547"
            src="plum-color.png"
          />
          <p
            class="item__name"
          >
            Plum
          </p>
        </div>
        <div
          class="item"
        >
          <img
            alt="Pomegranate"
            class="item__image"
            id="35b3b4c3-678a-4dc8-b9aa-f25c7b490e23"
            src="pomegranate-color.png"
          />
          <p
            class="item__name"
          >
            Pomegranate
          </p>
        </div>
        <div
          class="item"
        >
          <img
            alt="Star Fruit"
            class="item__image"
            id="cb5f4716-83f1-4fde-ba45-ac28b4123ce1"
            src="star-fruit-color.png"
          />
          <p
            class="item__name"
          >
            Star Fruit
          </p>
        </div>
        <div
          class="item"
        >
          <img
            alt="Strawberry"
            class="item__image"
            id="1e932ec2-946d-4eb0-a688-d821cf3d457f"
            src="strawberry-color.png"
          />
          <p
            class="item__name"
          >
            Strawberry
          </p>
        </div>
        <div
          class="item"
        >
          <img
            alt="Watermelon"
            class="item__image"
            id="afcd0595-ffb1-4002-b127-53e5dd9c4f73"
            src="watermelon-color.png"
          />
          <p
            class="item__name"
          >
            Watermelon
          </p>
        </div>
      </div>
    </div>
  </div>,
  "debug": [Function],
  "findAllByAltText": [Function],
  "findAllByDisplayValue": [Function],
  "findAllByLabelText": [Function],
  "findAllByPlaceholderText": [Function],
  "findAllByRole": [Function],
  "findAllByTestId": [Function],
  "findAllByText": [Function],
  "findAllByTitle": [Function],
  "findByAltText": [Function],
  "findByDisplayValue": [Function],
  "findByLabelText": [Function],
  "findByPlaceholderText": [Function],
  "findByRole": [Function],
  "findByTestId": [Function],
  "findByText": [Function],
  "findByTitle": [Function],
  "getAllByAltText": [Function],
  "getAllByDisplayValue": [Function],
  "getAllByLabelText": [Function],
  "getAllByPlaceholderText": [Function],
  "getAllByRole": [Function],
  "getAllByTestId": [Function],
  "getAllByText": [Function],
  "getAllByTitle": [Function],
  "getByAltText": [Function],
  "getByDisplayValue": [Function],
  "getByLabelText": [Function],
  "getByPlaceholderText": [Function],
  "getByRole": [Function],
  "getByTestId": [Function],
  "getByText": [Function],
  "getByTitle": [Function],
  "queryAllByAltText": [Function],
  "queryAllByDisplayValue": [Function],
  "queryAllByLabelText": [Function],
  "queryAllByPlaceholderText": [Function],
  "queryAllByRole": [Function],
  "queryAllByTestId": [Function],
  "queryAllByText": [Function],
  "queryAllByTitle": [Function],
  "queryByAltText": [Function],
  "queryByDisplayValue": [Function],
  "queryByLabelText": [Function],
  "queryByPlaceholderText": [Function],
  "queryByRole": [Function],
  "queryByTestId": [Function],
  "queryByText": [Function],
  "queryByTitle": [Function],
  "rerender": [Function],
  "unmount": [Function],
}
`;
